Compiling the C compiler identification source file "CMakeCCompilerId.c" failed.
Compiler: /usr/bin/gcc 
Build flags: -O3;-flto=full;-ffunction-sections;-Wl,--shuffle-sections;-fvisibility=hidden;-fstack-protector-all;-D_FORTIFY_SOURCE=2;-Wl,--strip-all
Id flags:  

The output was:
1
cc1: error: unrecognized argument to ‘-flto=’ option: ‘full’


Compiling the C compiler identification source file "CMakeCCompilerId.c" failed.
Compiler: /usr/bin/gcc 
Build flags: -O3;-flto=full;-ffunction-sections;-Wl,--shuffle-sections;-fvisibility=hidden;-fstack-protector-all;-D_FORTIFY_SOURCE=2;-Wl,--strip-all
Id flags: -c 

The output was:
1
cc1: error: unrecognized argument to ‘-flto=’ option: ‘full’


Compiling the C compiler identification source file "CMakeCCompilerId.c" failed.
Compiler: /usr/bin/gcc 
Build flags: -O3;-flto=full;-ffunction-sections;-Wl,--shuffle-sections;-fvisibility=hidden;-fstack-protector-all;-D_FORTIFY_SOURCE=2;-Wl,--strip-all
Id flags: -Aa 

The output was:
1
cc1: error: unrecognized argument to ‘-flto=’ option: ‘full’


Compiling the C compiler identification source file "CMakeCCompilerId.c" failed.
Compiler: /usr/bin/gcc 
Build flags: -O3;-flto=full;-ffunction-sections;-Wl,--shuffle-sections;-fvisibility=hidden;-fstack-protector-all;-D_FORTIFY_SOURCE=2;-Wl,--strip-all
Id flags: -D__CLASSIC_C__ 

The output was:
1
cc1: error: unrecognized argument to ‘-flto=’ option: ‘full’


Compiling the C compiler identification source file "CMakeCCompilerId.c" failed.
Compiler: /usr/bin/gcc 
Build flags: -O3;-flto=full;-ffunction-sections;-Wl,--shuffle-sections;-fvisibility=hidden;-fstack-protector-all;-D_FORTIFY_SOURCE=2;-Wl,--strip-all
Id flags: --target=arm-arm-none-eabi;-mcpu=cortex-m3 

The output was:
1
gcc: warning: ‘-mcpu=’ is deprecated; use ‘-mtune=’ or ‘-march=’ instead
gcc: error: unrecognized command-line option ‘--target=arm-arm-none-eabi’


Compiling the C compiler identification source file "CMakeCCompilerId.c" failed.
Compiler: /usr/bin/gcc 
Build flags: -O3;-flto=full;-ffunction-sections;-Wl,--shuffle-sections;-fvisibility=hidden;-fstack-protector-all;-D_FORTIFY_SOURCE=2;-Wl,--strip-all
Id flags: -c;-I__does_not_exist__ 

The output was:
1
cc1: error: unrecognized argument to ‘-flto=’ option: ‘full’


Compiling the CXX compiler identification source file "CMakeCXXCompilerId.cpp" failed.
Compiler: /usr/bin/g++ 
Build flags: -O3;-flto=full;-ffunction-sections;-Wl,--shuffle-sections;-fvisibility=hidden;-fstack-protector-all;-D_FORTIFY_SOURCE=2;-Wl,--strip-all
Id flags:  

The output was:
1
cc1plus: error: unrecognized argument to ‘-flto=’ option: ‘full’


Compiling the CXX compiler identification source file "CMakeCXXCompilerId.cpp" failed.
Compiler: /usr/bin/g++ 
Build flags: -O3;-flto=full;-ffunction-sections;-Wl,--shuffle-sections;-fvisibility=hidden;-fstack-protector-all;-D_FORTIFY_SOURCE=2;-Wl,--strip-all
Id flags: -c 

The output was:
1
cc1plus: error: unrecognized argument to ‘-flto=’ option: ‘full’


Compiling the CXX compiler identification source file "CMakeCXXCompilerId.cpp" failed.
Compiler: /usr/bin/g++ 
Build flags: -O3;-flto=full;-ffunction-sections;-Wl,--shuffle-sections;-fvisibility=hidden;-fstack-protector-all;-D_FORTIFY_SOURCE=2;-Wl,--strip-all
Id flags: --c++ 

The output was:
1
g++: error: unrecognized command-line option ‘--c++’


Compiling the CXX compiler identification source file "CMakeCXXCompilerId.cpp" failed.
Compiler: /usr/bin/g++ 
Build flags: -O3;-flto=full;-ffunction-sections;-Wl,--shuffle-sections;-fvisibility=hidden;-fstack-protector-all;-D_FORTIFY_SOURCE=2;-Wl,--strip-all
Id flags: --ec++ 

The output was:
1
g++: error: unrecognized command-line option ‘--ec++’; did you mean ‘-Weffc++’?


Compiling the CXX compiler identification source file "CMakeCXXCompilerId.cpp" failed.
Compiler: /usr/bin/g++ 
Build flags: -O3;-flto=full;-ffunction-sections;-Wl,--shuffle-sections;-fvisibility=hidden;-fstack-protector-all;-D_FORTIFY_SOURCE=2;-Wl,--strip-all
Id flags: --target=arm-arm-none-eabi;-mcpu=cortex-m3 

The output was:
1
g++: warning: ‘-mcpu=’ is deprecated; use ‘-mtune=’ or ‘-march=’ instead
g++: error: unrecognized command-line option ‘--target=arm-arm-none-eabi’


Compiling the CXX compiler identification source file "CMakeCXXCompilerId.cpp" failed.
Compiler: /usr/bin/g++ 
Build flags: -O3;-flto=full;-ffunction-sections;-Wl,--shuffle-sections;-fvisibility=hidden;-fstack-protector-all;-D_FORTIFY_SOURCE=2;-Wl,--strip-all
Id flags: -c;-I__does_not_exist__ 

The output was:
1
cc1plus: error: unrecognized argument to ‘-flto=’ option: ‘full’


Detecting C compiler ABI info failed to compile with the following output:
Change Dir: /home/incharanew/JOCKY/build/CMakeFiles/CMakeTmp

Run Build Command(s):/usr/bin/gmake -f Makefile cmTC_7fcab/fast && /usr/bin/gmake  -f CMakeFiles/cmTC_7fcab.dir/build.make CMakeFiles/cmTC_7fcab.dir/build
gmake[1]: Entering directory '/home/incharanew/JOCKY/build/CMakeFiles/CMakeTmp'
Building C object CMakeFiles/cmTC_7fcab.dir/CMakeCCompilerABI.c.o
/usr/bin/gcc   -O3 -flto=full -ffunction-sections -Wl,--shuffle-sections -fvisibility=hidden -fstack-protector-all -D_FORTIFY_SOURCE=2 -Wl,--strip-all    -v -o CMakeFiles/cmTC_7fcab.dir/CMakeCCompilerABI.c.o -c /usr/share/cmake-3.22/Modules/CMakeCCompilerABI.c
Using built-in specs.
COLLECT_GCC=/usr/bin/gcc
OFFLOAD_TARGET_NAMES=nvptx-none:amdgcn-amdhsa
OFFLOAD_TARGET_DEFAULT=1
Target: x86_64-linux-gnu
Configured with: ../src/configure -v --with-pkgversion='Ubuntu 11.4.0-1ubuntu1~22.04.3' --with-bugurl=file:///usr/share/doc/gcc-11/README.Bugs --enable-languages=c,ada,c++,go,brig,d,fortran,objc,obj-c++,m2 --prefix=/usr --with-gcc-major-version-only --program-suffix=-11 --program-prefix=x86_64-linux-gnu- --enable-shared --enable-linker-build-id --libexecdir=/usr/lib --without-included-gettext --enable-threads=posix --libdir=/usr/lib --enable-nls --enable-bootstrap --enable-clocale=gnu --enable-libstdcxx-debug --enable-libstdcxx-time=yes --with-default-libstdcxx-abi=new --enable-gnu-unique-object --disable-vtable-verify --enable-plugin --enable-default-pie --with-system-zlib --enable-libphobos-checking=release --with-target-system-zlib=auto --enable-objc-gc=auto --enable-multiarch --disable-werror --enable-cet --with-arch-32=i686 --with-abi=m64 --with-multilib-list=m32,m64,mx32 --enable-multilib --with-tune=generic --enable-offload-targets=nvptx-none=/build/gcc-11-0odw26/gcc-11-11.4.0/debian/tmp-nvptx/usr,amdgcn-amdhsa=/build/gcc-11-0odw26/gcc-11-11.4.0/debian/tmp-gcn/usr --without-cuda-driver --enable-checking=release --build=x86_64-linux-gnu --host=x86_64-linux-gnu --target=x86_64-linux-gnu --with-build-config=bootstrap-lto-lean --enable-link-serialization=2
Thread model: posix
Supported LTO compression algorithms: zlib zstd
gcc version 11.4.0 (Ubuntu 11.4.0-1ubuntu1~22.04.3) 
COLLECT_GCC_OPTIONS='-O3' '-flto=full' '-ffunction-sections' '-fvisibility=hidden' '-fstack-protector-all' '-D' '_FORTIFY_SOURCE=2' '-v' '-o' 'CMakeFiles/cmTC_7fcab.dir/CMakeCCompilerABI.c.o' '-c' '-mtune=generic' '-march=x86-64' '-dumpdir' 'CMakeFiles/cmTC_7fcab.dir/'
 /usr/lib/gcc/x86_64-linux-gnu/11/cc1 -quiet -v -imultiarch x86_64-linux-gnu -D _FORTIFY_SOURCE=2 /usr/share/cmake-3.22/Modules/CMakeCCompilerABI.c -quiet -dumpdir CMakeFiles/cmTC_7fcab.dir/ -dumpbase CMakeCCompilerABI.c.c -dumpbase-ext .c -mtune=generic -march=x86-64 -O3 -version -flto=full -ffunction-sections -fvisibility=hidden -fstack-protector-all -fasynchronous-unwind-tables -Wformat -Wformat-security -fstack-clash-protection -fcf-protection -o /tmp/ccZT9Uee.s
cc1: error: unrecognized argument to '-flto=' option: 'full'
GNU C17 (Ubuntu 11.4.0-1ubuntu1~22.04.3) version 11.4.0 (x86_64-linux-gnu)
	compiled by GNU C version 11.4.0, GMP version 6.2.1, MPFR version 4.1.0, MPC version 1.2.1, isl version isl-0.24-GMP

GGC heuristics: --param ggc-min-expand=100 --param ggc-min-heapsize=131072
ignoring nonexistent directory "/usr/local/include/x86_64-linux-gnu"
ignoring nonexistent directory "/usr/lib/gcc/x86_64-linux-gnu/11/include-fixed"
ignoring nonexistent directory "/usr/lib/gcc/x86_64-linux-gnu/11/../../../../x86_64-linux-gnu/include"
#include "..." search starts here:
#include <...> search starts here:
 /usr/lib/gcc/x86_64-linux-gnu/11/include
 /usr/local/include
 /usr/include/x86_64-linux-gnu
 /usr/include
End of search list.
GNU C17 (Ubuntu 11.4.0-1ubuntu1~22.04.3) version 11.4.0 (x86_64-linux-gnu)
	compiled by GNU C version 11.4.0, GMP version 6.2.1, MPFR version 4.1.0, MPC version 1.2.1, isl version isl-0.24-GMP

GGC heuristics: --param ggc-min-expand=100 --param ggc-min-heapsize=131072
gmake[1]: *** [CMakeFiles/cmTC_7fcab.dir/build.make:78: CMakeFiles/cmTC_7fcab.dir/CMakeCCompilerABI.c.o] Error 1
gmake[1]: Leaving directory '/home/incharanew/JOCKY/build/CMakeFiles/CMakeTmp'
gmake: *** [Makefile:127: cmTC_7fcab/fast] Error 2




Determining if the C compiler works failed with the following output:
Change Dir: /home/incharanew/JOCKY/build/CMakeFiles/CMakeTmp

Run Build Command(s):/usr/bin/gmake -f Makefile cmTC_5bf6d/fast && /usr/bin/gmake  -f CMakeFiles/cmTC_5bf6d.dir/build.make CMakeFiles/cmTC_5bf6d.dir/build
gmake[1]: Entering directory '/home/incharanew/JOCKY/build/CMakeFiles/CMakeTmp'
Building C object CMakeFiles/cmTC_5bf6d.dir/testCCompiler.c.o
/usr/bin/gcc   -O3 -flto=full -ffunction-sections -Wl,--shuffle-sections -fvisibility=hidden -fstack-protector-all -D_FORTIFY_SOURCE=2 -Wl,--strip-all  -o CMakeFiles/cmTC_5bf6d.dir/testCCompiler.c.o -c /home/incharanew/JOCKY/build/CMakeFiles/CMakeTmp/testCCompiler.c
cc1: error: unrecognized argument to ‘-flto=’ option: ‘full’
gmake[1]: *** [CMakeFiles/cmTC_5bf6d.dir/build.make:78: CMakeFiles/cmTC_5bf6d.dir/testCCompiler.c.o] Error 1
gmake[1]: Leaving directory '/home/incharanew/JOCKY/build/CMakeFiles/CMakeTmp'
gmake: *** [Makefile:127: cmTC_5bf6d/fast] Error 2



